========================================================================
SmoothQuant-for-MXFP8 probe (synthetic). torch 2.10.0a0+b4e4ee81d3.nv25.12 cudnn 92200 TE 2.10.0+769ed778
device NVIDIA B200  H=40 D=128
========================================================================

### outliers=NO (plain gaussian) B=1 S=14040  (rel-err mean over 3 seeds) ###
  variant           rel_err_vs_bf16  rel_err_vs_fp32    vs baseline
  baseline                   0.3201           0.3201               
  smoothK a=0.0              0.3591           0.3591         +12.2%
  a=0.25                     0.3751           0.3751         +17.2%
  Q/K a=0.5                  0.3206           0.3206          +0.2%
  a=0.75                     0.3727           0.3727         +16.5%
  smoothQ a=1.0              0.3620           0.3619         +13.1%

### outliers=YES (shared Q/K channels, 30x/8x) B=1 S=14040  (rel-err mean over 3 seeds) ###
  variant           rel_err_vs_bf16  rel_err_vs_fp32    vs baseline
  baseline                   1.5180           1.5180               
  smoothK a=0.0              1.4842           1.4842          -2.2%
  a=0.25                     1.5191           1.5192          +0.1%
  Q/K a=0.5                  1.5176           1.5176          -0.0%
  a=0.75                     1.5058           1.5059          -0.8%
  smoothQ a=1.0              1.5298           1.5299          +0.8%

done.
